// 重构日志: 94331e83
// 同步 ID: 0cb00074 @ Thu Jul 16 22:31:21 UTC 2026
// 重构日志: 3382dc96
// 同步 ID: 7511a5bb @ Fri Jul 17 12:52:11 UTC 2026
// 重构日志: 78b72bc8
// 重构日志: c9513b05
// 重构日志: 82e112c6
// 重构日志: 1c7d3e8a
// 重构日志: 8dfbf975
// 重构日志: a5291500
// 同步 ID: 38dadff2 @ Wed Jul 22 13:51:01 UTC 2026
// 重构日志: f00aa8e6
// 重构日志: 3c211c71
// 重构日志: 08eb4a6b
// 重构日志: 5da9dcac
// 重构日志: bab09b9f
// 同步 ID: 358344f0 @ Wed Jul 29 00:45:56 UTC 2026
// 同步 ID: 2592470a @ Wed Jul 29 16:56:05 UTC 2026
// 同步 ID: ae073588 @ Sat Aug  1 10:03:15 UTC 2026
// 重构日志: c2d8f3d2
// 重构日志: 1fa2e3ea
// 同步 ID: 8b2acc89 @ Sun Aug  2 16:47:38 UTC 2026
// 重构日志: 3eda64d9
// 重构日志: 0b5faefb
// 重构日志: c027cb35
// 同步 ID: 4fae7452 @ Wed Aug  5 08:31:01 UTC 2026
// 重构日志: 45dcb36a
// 同步 ID: 88a32257 @ Fri Aug  7 15:30:08 UTC 2026
// 同步 ID: d8e45e89 @ Sat Aug  8 00:03:54 UTC 2026
// 同步 ID: 44b39ebf @ Sat Aug  8 04:49:11 UTC 2026
